c500-official-graphnet-static-patch-log [Processing] /data/reports/official_graphnet_static_patch_v5/work_probe/PaddlePaddle-GraphNet.5ce69o/paddle_samples/PaddleNLP/ernie-3.0-nano-zh
W0812 17:58:38.307585  6853 gpu_resources.cc:120] Please NOTE: device: 0, GPU Compute Capability: 8.0, Driver API Version: 11.6, Runtime API Version: 11.6
W0812 17:58:39.175006  6853 gpu_resources.cc:165] device: 0, cuDNN Version: 1.1.
c500-official-graphnet-static-patch-log [Config] model: ernie-3.0-nano-zh
c500-official-graphnet-static-patch-log [Config] device: cuda
c500-official-graphnet-static-patch-log [Config] hardware: MetaX C500
c500-official-graphnet-static-patch-log [Config] compiler: nope
c500-official-graphnet-static-patch-log [Config] warmup: 2
c500-official-graphnet-static-patch-log [Config] trials: 3
c500-official-graphnet-static-patch-log [Config] compile_framework_version: 2.6.0
Run model in eager mode.
W0812 17:58:40.857851  6853 tensor.cc:399] The `is_initialized` method is deprecated since version 2.3, and will be removed in version 2.4! Please use `initialized` method instead.
I0812 17:58:40.858089  6853 program_interpreter.cc:212] New Executor is Running.
[Profiling] Using device: cuda MetaX C500, warm up 2, trials 21
Trial 1: e2e=4.66013 ms, gpu=0.00000 ms
Trial 2: e2e=4.60839 ms, gpu=0.00000 ms
Trial 3: e2e=4.49896 ms, gpu=0.00000 ms
Trial 4: e2e=4.51636 ms, gpu=0.00000 ms
Trial 5: e2e=4.56429 ms, gpu=0.00000 ms
Trial 6: e2e=4.42982 ms, gpu=0.00000 ms
Trial 7: e2e=4.49181 ms, gpu=0.00000 ms
Trial 8: e2e=4.44889 ms, gpu=0.00000 ms
Trial 9: e2e=4.41289 ms, gpu=0.00000 ms
Trial 10: e2e=4.47869 ms, gpu=0.00000 ms
Trial 11: e2e=4.45032 ms, gpu=0.00000 ms
Trial 12: e2e=4.40526 ms, gpu=0.00000 ms
Trial 13: e2e=4.40955 ms, gpu=0.00000 ms
Trial 14: e2e=4.39548 ms, gpu=0.00000 ms
Trial 15: e2e=4.41504 ms, gpu=0.00000 ms
Trial 16: e2e=4.40264 ms, gpu=0.00000 ms
Trial 17: e2e=4.39024 ms, gpu=0.00000 ms
Trial 18: e2e=4.36878 ms, gpu=0.00000 ms
Trial 19: e2e=4.36044 ms, gpu=0.00000 ms
Trial 20: e2e=4.38571 ms, gpu=0.00000 ms
Trial 21: e2e=4.35162 ms, gpu=0.00000 ms
Run model in compiled mode.
[Profiling] Using device: cuda MetaX C500, warm up 2, trials 22
Trial 1: e2e=4.41933 ms, gpu=0.00000 ms
Trial 2: e2e=4.43888 ms, gpu=0.00000 ms
Trial 3: e2e=4.40907 ms, gpu=0.00000 ms
Trial 4: e2e=4.43554 ms, gpu=0.00000 ms
Trial 5: e2e=4.40502 ms, gpu=0.00000 ms
Trial 6: e2e=4.43029 ms, gpu=0.00000 ms
Trial 7: e2e=4.47392 ms, gpu=0.00000 ms
Trial 8: e2e=4.39763 ms, gpu=0.00000 ms
Trial 9: e2e=4.42505 ms, gpu=0.00000 ms
Trial 10: e2e=4.38833 ms, gpu=0.00000 ms
Trial 11: e2e=4.38714 ms, gpu=0.00000 ms
Trial 12: e2e=4.37737 ms, gpu=0.00000 ms
Trial 13: e2e=4.41718 ms, gpu=0.00000 ms
Trial 14: e2e=4.40764 ms, gpu=0.00000 ms
Trial 15: e2e=4.40955 ms, gpu=0.00000 ms
Trial 16: e2e=4.37450 ms, gpu=0.00000 ms
Trial 17: e2e=4.41718 ms, gpu=0.00000 ms
Trial 18: e2e=4.42505 ms, gpu=0.00000 ms
Trial 19: e2e=4.39405 ms, gpu=0.00000 ms
Trial 20: e2e=4.40264 ms, gpu=0.00000 ms
Trial 21: e2e=4.42195 ms, gpu=0.00000 ms
Trial 22: e2e=4.37546 ms, gpu=0.00000 ms
c500-official-graphnet-static-patch-log [Result][status] eager:success compiled:success
c500-official-graphnet-static-patch-log [Datatype][eager]: float32
c500-official-graphnet-static-patch-log [Datatype][compiled]: float32
c500-official-graphnet-static-patch-log [DataType] eager:['float32'] compiled:['float32'] match:True
c500-official-graphnet-static-patch-log [Shape][eager]: [[1, 312]]
c500-official-graphnet-static-patch-log [Shape][compiled]: [[1, 312]]
c500-official-graphnet-static-patch-log [Shape] eager:[[1, 312]] compiled:[[1, 312]] match:True
c500-official-graphnet-static-patch-log [Correctness][equal]: 1
c500-official-graphnet-static-patch-log [Correctness][all_close_atol_1.00E-10_rtol_1.00E-06]: 1
c500-official-graphnet-static-patch-log [Correctness][all_close_atol_1.00E-10_rtol_2.56E-04]: 1
c500-official-graphnet-static-patch-log [Correctness][all_close_atol_1.00E-10_rtol_1.69E-12]: 1
c500-official-graphnet-static-patch-log [Correctness][all_close_atol_1.00E-14_rtol_1.00E-14]: 1
c500-official-graphnet-static-patch-log [Correctness][all_close_atol_1.00E-09_rtol_3.98E-06]: 1
c500-official-graphnet-static-patch-log [Correctness][all_close_atol_1.00E-09_rtol_5.85E-04]: 1
c500-official-graphnet-static-patch-log [Correctness][all_close_atol_1.00E-09_rtol_2.54E-11]: 1
c500-official-graphnet-static-patch-log [Correctness][all_close_atol_2.51E-13_rtol_2.51E-13]: 1
c500-official-graphnet-static-patch-log [Correctness][all_close_atol_1.00E-08_rtol_1.58E-05]: 1
c500-official-graphnet-static-patch-log [Correctness][all_close_atol_1.00E-08_rtol_1.34E-03]: 1
c500-official-graphnet-static-patch-log [Correctness][all_close_atol_1.00E-08_rtol_3.82E-10]: 1
c500-official-graphnet-static-patch-log [Correctness][all_close_atol_6.31E-12_rtol_6.31E-12]: 1
c500-official-graphnet-static-patch-log [Correctness][all_close_atol_1.00E-07_rtol_6.31E-05]: 1
c500-official-graphnet-static-patch-log [Correctness][all_close_atol_1.00E-07_rtol_3.06E-03]: 1
c500-official-graphnet-static-patch-log [Correctness][all_close_atol_1.00E-07_rtol_5.75E-09]: 1
c500-official-graphnet-static-patch-log [Correctness][all_close_atol_1.58E-10_rtol_1.58E-10]: 1
c500-official-graphnet-static-patch-log [Correctness][all_close_atol_1.00E-06_rtol_2.51E-04]: 1
c500-official-graphnet-static-patch-log [Correctness][all_close_atol_1.00E-06_rtol_7.00E-03]: 1
c500-official-graphnet-static-patch-log [Correctness][all_close_atol_1.00E-06_rtol_8.65E-08]: 1
c500-official-graphnet-static-patch-log [Correctness][all_close_atol_3.98E-09_rtol_3.98E-09]: 1
c500-official-graphnet-static-patch-log [Correctness][all_close_atol_1.00E-05_rtol_1.00E-03]: 1
c500-official-graphnet-static-patch-log [Correctness][all_close_atol_1.00E-05_rtol_1.60E-02]: 1
c500-official-graphnet-static-patch-log [Correctness][all_close_atol_1.00E-05_rtol_1.30E-06]: 1
c500-official-graphnet-static-patch-log [Correctness][all_close_atol_1.00E-07_rtol_1.00E-07]: 1
c500-official-graphnet-static-patch-log [Correctness][all_close_atol_1.00E-04_rtol_3.98E-03]: 1
c500-official-graphnet-static-patch-log [Correctness][all_close_atol_1.00E-04_rtol_3.66E-02]: 1
c500-official-graphnet-static-patch-log [Correctness][all_close_atol_1.00E-04_rtol_1.96E-05]: 1
c500-official-graphnet-static-patch-log [Correctness][all_close_atol_2.51E-06_rtol_2.51E-06]: 1
c500-official-graphnet-static-patch-log [Correctness][all_close_atol_1.00E-03_rtol_1.58E-02]: 1
c500-official-graphnet-static-patch-log [Correctness][all_close_atol_1.00E-03_rtol_8.36E-02]: 1
c500-official-graphnet-static-patch-log [Correctness][all_close_atol_1.00E-03_rtol_2.94E-04]: 1
c500-official-graphnet-static-patch-log [Correctness][all_close_atol_6.31E-05_rtol_6.31E-05]: 1
c500-official-graphnet-static-patch-log [Correctness][all_close_atol_1.00E-02_rtol_6.31E-02]: 1
c500-official-graphnet-static-patch-log [Correctness][all_close_atol_1.00E-02_rtol_1.91E-01]: 1
c500-official-graphnet-static-patch-log [Correctness][all_close_atol_1.00E-02_rtol_4.42E-03]: 1
c500-official-graphnet-static-patch-log [Correctness][all_close_atol_1.58E-03_rtol_1.58E-03]: 1
c500-official-graphnet-static-patch-log [Correctness][all_close_atol_1.00E-01_rtol_2.51E-01]: 1
c500-official-graphnet-static-patch-log [Correctness][all_close_atol_1.00E-01_rtol_4.37E-01]: 1
c500-official-graphnet-static-patch-log [Correctness][all_close_atol_1.00E-01_rtol_6.65E-02]: 1
c500-official-graphnet-static-patch-log [Correctness][all_close_atol_3.98E-02_rtol_3.98E-02]: 1
c500-official-graphnet-static-patch-log [Correctness][all_close_atol_1.00E+00_rtol_1.00E+00]: 1
c500-official-graphnet-static-patch-log [Correctness][all_close_atol_1.00E+00_rtol_1.00E+00]: 1
c500-official-graphnet-static-patch-log [Correctness][all_close_atol_1.00E+00_rtol_1.00E+00]: 1
c500-official-graphnet-static-patch-log [Correctness][all_close_atol_1.00E+00_rtol_1.00E+00]: 1
c500-official-graphnet-static-patch-log [Correctness][all_close_atol_1.00E+01_rtol_3.98E+00]: 1
c500-official-graphnet-static-patch-log [Correctness][all_close_atol_1.00E+01_rtol_2.29E+00]: 1
c500-official-graphnet-static-patch-log [Correctness][all_close_atol_1.00E+01_rtol_1.50E+01]: 1
c500-official-graphnet-static-patch-log [Correctness][all_close_atol_2.51E+01_rtol_2.51E+01]: 1
c500-official-graphnet-static-patch-log [Correctness][all_close_atol_1.00E+02_rtol_1.58E+01]: 1
c500-official-graphnet-static-patch-log [Correctness][all_close_atol_1.00E+02_rtol_5.23E+00]: 1
c500-official-graphnet-static-patch-log [Correctness][all_close_atol_1.00E+02_rtol_2.26E+02]: 1
c500-official-graphnet-static-patch-log [Correctness][all_close_atol_6.31E+02_rtol_6.31E+02]: 1
c500-official-graphnet-static-patch-log [Correctness][all_close_atol_1.00E+03_rtol_6.31E+01]: 1
c500-official-graphnet-static-patch-log [Correctness][all_close_atol_1.00E+03_rtol_1.20E+01]: 1
c500-official-graphnet-static-patch-log [Correctness][all_close_atol_1.00E+03_rtol_3.40E+03]: 1
c500-official-graphnet-static-patch-log [Correctness][all_close_atol_1.58E+04_rtol_1.58E+04]: 1
c500-official-graphnet-static-patch-log [Correctness][all_close_atol_1.00E+04_rtol_2.51E+02]: 1
c500-official-graphnet-static-patch-log [Correctness][all_close_atol_1.00E+04_rtol_2.73E+01]: 1
c500-official-graphnet-static-patch-log [Correctness][all_close_atol_1.00E+04_rtol_5.11E+04]: 1
c500-official-graphnet-static-patch-log [Correctness][all_close_atol_3.98E+05_rtol_3.98E+05]: 1
c500-official-graphnet-static-patch-log [Correctness][all_close_atol_1.00E+05_rtol_1.00E+03]: 1
c500-official-graphnet-static-patch-log [Correctness][all_close_atol_1.00E+05_rtol_6.25E+01]: 1
c500-official-graphnet-static-patch-log [Correctness][all_close_atol_1.00E+05_rtol_7.69E+05]: 1
c500-official-graphnet-static-patch-log [Correctness][all_close_atol_1.00E+07_rtol_1.00E+07]: 1
c500-official-graphnet-static-patch-log [Correctness][max_diff]: 0.00000
c500-official-graphnet-static-patch-log [Correctness][mean_diff]: 0.00000
c500-official-graphnet-static-patch-log [Correctness][max_relative_diff]: 0.00000
c500-official-graphnet-static-patch-log [Correctness][mean_relative_diff]: 0.00000
c500-official-graphnet-static-patch-log [Performance][eager]: {"e2e": {"median": 4.41504, "iqr": 0.0963211, "mean": 4.44978, "std": 0.0803379, "min": 4.35162, "max": 4.66013}, "gpu": {"median": 0.0, "iqr": 0.0, "mean": 0.0, "std": 0.0, "min": 0.0, "max": 0.0}}
c500-official-graphnet-static-patch-log [Performance][compiled]: {"e2e": {"median": 4.40931, "iqr": 0.0293255, "mean": 4.41058, "std": 0.023126, "min": 4.3745, "max": 4.47392}, "gpu": {"median": 0.0, "iqr": 0.0, "mean": 0.0, "std": 0.0, "min": 0.0, "max": 0.0}}
c500-official-graphnet-static-patch-log [Speedup][e2e]: 1.00130
